<?xml version="1.0" encoding="UTF-8"?>
<testsuites disabled="0" skipped="0" errors="1" name="cmaj" tests="7" time="0.433304">
    <testsuite disabled="0" skipped="0" errors="1" name="/Users/cesare/Documents/SoundStacks/ADC23_workshop/tests/test.cmajtest" tests="7" time="0.433304">
        <testcase name="Test   1" classname="test" time="0.0304558">
        </testcase>
        <testcase name="Test   2" classname="test" time="0.00848579">
        </testcase>
        <testcase name="Test   3" classname="test" time="0.0305561">
            <failure message="1 functions failed: testVectorAdd"/>
        </testcase>
        <testcase name="Test   4" classname="test" time="0.0571597">
        </testcase>
        <testcase name="Test   5" classname="test" time="0.0584847">
        </testcase>
        <testcase name="Test   6" classname="test" time="0.135029">
        </testcase>
        <testcase name="Test   7" classname="test" time="0.113133">
        </testcase>
    </testsuite>
</testsuites>
